╭─ [2] Details ────────────────────────╮
│  Status   : paused                   │
│  Workflow : build                    │
│  Step     : build                    │
│  Branch   : feat/test                │
│  Model    : —                        │
│                                      │
│                                      │
│                                      │
│                                      │
│                                      │
│                                      │
│                                      │
│                                      │
│                                      │
│                                      │
│                                      │
│                                      │
│                                      │
╰─ [⏎] fullscreen  [j/k] scroll ───────╯