╭─ [2] Details ────────────────────────╮
│  Status   : reviewing                │
│  Workflow : build                    │
│  Step     : build                    │
│  Branch   : feat/test                │
│  Model    : —                        │
│                                      │
│                                      │
│                                      │
│                                      │
│                                      │
│                                      │
│                                      │
│                                      │
│                                      │
│                                      │
│                                      │
│                                      │
│                                      │
╰─ [j/k] scroll  [G] bottom  [g]g top  [y]ank ╯