╭─ [2] Details ────────────────────────╮
│  Status   : running                  │
│  Workflow : build                    │
│  Step     : build                    │
│  Branch   : feat/test                │
│  Model    : —                        │
│  Cost     : $0.15                    │
│                                      │
│                                      │
│                                      │
│                                      │
│                                      │
│                                      │
│                                      │
│                                      │
│                                      │
│                                      │
│                                      │
│                                      │
╰─ [⏎] fullscreen  [j/k] scroll ───────╯