╭─ [2] Details ────────────────────────╮
│  Status   : running                  │
│  Workflow : build                    │
│  Step     : build                    │
│  Branch   : feat/test                │
│  Model    : —                        │
│  Tokens   : 5.0k (0 in / 0 out)      │
│  Cost     : $0.15                    │
│                                      │
│                                      │
│                                      │
│                                      │
│                                      │
│                                      │
│                                      │
│                                      │
│                                      │
│                                      │
│                                      │
╰──────────────────────────────────────╯