╭─ [1] Runs (20 active) ───────────────────────────────────╮
│  ▲                                                       │
│● build      branch             0s $0.00                  │
│● build      branch             0s $0.00                  │
│● build      branch             0s $0.00                  │
│● build      branch             0s $0.00                  │
│● build      branch             0s $0.00                  │
│● build      branch             0s $0.00                  │
│● build      branch             0s $0.00                  │
│● build      branch             0s $0.00                  │
│  ▼                                                       │
╰─ [n]ew  [y]ank ID  [/]filter ────────────────────────────╯