╭─ [1] Runs (3 active) ────────────────────────────────────╮
│✗ build      fix/css-overf…     0s $0.31                  │
│◉ plan-build feat/dashboard     0s $1.23                  │
│◐ build      fix/nav-bug        0s $0.08                  │
│● build      feat/add-auth      0s $0.42                  │
│                                                          │
│                                                          │
│                                                          │
│                                                          │
│                                                          │
│                                                          │
│                                                          │
│                                                          │
│                                                          │
│                                                          │
│                                                          │
│                                                          │
│                                                          │
│                                                          │
╰─ [n]ew  [y]ank ID  [/]filter ────────────────────────────╯