╭─ [1] Runs (0 active) ────────────────────────────────────╮
│No runs. Press n to start one.                            │
│                                                          │
│                                                          │
│                                                          │
│                                                          │
│                                                          │
│                                                          │
│                                                          │
│                                                          │
│                                                          │
│                                                          │
│                                                          │
│                                                          │
│                                                          │
│                                                          │
│                                                          │
│                                                          │
│                                                          │
╰─ [n]ew  [y]ank ID  [/]filter ────────────────────────────╯