╭─ [2] Details ────────────────────────╮
│  Prompt   : Add user authentication  │
│  Status   : running                  │
│  Workflow : sdlc                     │
│  Step     : build (3/6)              │
│  Branch   : feat/add-auth            │
│  Model    : sonnet                   │
│  Cost     : $0.42                    │
│                                      │
│                                      │
│                                      │
│                                      │
│                                      │
│                                      │
│                                      │
│                                      │
│                                      │
│                                      │
│                                      │
╰─ [⏎] fullscreen  [j/k] scroll ───────╯