╭─ [3] Log: build — feat/add-auth │ Diff ──────────────────────────────────────╮
│14:32:01 route Analyzing task requirements...                                 │
│14:32:03 route Selected workflow: build                                       │
│14:32:04 build Starting build skill...                                        │
│14:32:05 build Reading project files ▍                                        │
│                                                                              │
│                                                                              │
│                                                                              │
│                                                                              │
│                                                                              │
│                                                                              │
│                                                                              │
│                                                                              │
│                                                                              │
│                                                                              │
│                                                                              │
│                                                                              │
│                                                                              │
│                                                                              │
│                                                                              │
│                                                                              │
│                                                                              │
│                                                                              │
│                                                                              │
│                                                                              │
│                                                                              │
│                                                                              │
│                                                                              │
│                                                                              │
╰─ [⏎] fullscreen  [␣] expand  [y]ank/copy  [G]bottom  [g]g top  [/]search ────╯