╭─ [1] Runs (20 active) ───────────────────────────────────╮
│         ID  STATE          TIME   TOKENS    COST         │
│  ▲                                                       │
│⠋  scroll15  running          0s        0   $0.00         │
│⠋  scroll14  running          0s        0   $0.00         │
│⠋  scroll13  running          0s        0   $0.00         │
│⠋  scroll12  running          0s        0   $0.00         │
│⠋  scroll11  running          0s        0   $0.00         │
│⠋  scroll10  running          0s        0   $0.00         │
│⠋  scroll09  running          0s        0   $0.00         │
│  ▼                                                       │
╰─ [↵] runs  [n]ew  [y]ank ID  [/]filter ──────────────────╯