╭─ New Run ────────────────────────────────────────────────────────────────────────────────────╮
│┃ Describe the task...                                                                        │
│┃                                                                                             │
│┃                                                                                             │
│┃                                                                                             │
│┃                                                                                             │
│┃                                                                                             │
│┃                                                                                             │
│┃                                                                                             │
│┃                                                                                             │
│┃                                                                                             │
│┃                                                                                             │
│┃                                                                                             │
│┃                                                                                             │
│┃                                                                                             │
│┃                                                                                             │
│┃                                                                                             │
│┃                                                                                             │
│┃                                                                                             │
│┃                                                                                             │
│┃                                                                                             │
│┃                                                                                             │
│┃                                                                                             │
│┃                                                                                             │
│┃                                                                                             │
│┃                                                                                             │
│┃                                                                                             │
│┃                                                                                             │
│                                                                                              │
│Workflow  [^a] auto  [^b] build  [^p] plan  [^l] sdlc  [^q] quick                             │
│Model     [^h] haiku  [^o] opus  [^n] sonnet  [^x] default                                    │
╰─ [^S] submit  [^U/^D] scroll  [Esc] cancel ──────────────────────────────────────────────────╯