╭─ [2] Details ────────────────────────╮
│  Prompt   : Add user authentication  │
│  Status   : running                  │
│  Skill    : build                    │
│  Branch   : feat/add-auth            │
│  Model    : sonnet                   │
│  Tokens   : 12.4k (8.2k in / 4.2k out│
│  Cost     : $0.42                    │
│                                      │
│                                      │
│                                      │
│                                      │
│                                      │
│                                      │
│                                      │
│                                      │
│                                      │
│                                      │
│                                      │
╰──────────────────────────────────────╯