╭─ [2] Details ────────────────────────╮
│  Prompt   : Add user authentication  │
│  Status   : running                  │
│  Workflow : sdlc                     │
│  Step     : build (3/6)              │
│  Branch   : feat/add-auth            │
│  Model    : sonnet                   │
│                                      │
│                                      │
│                                      │
│                                      │
│                                      │
│                                      │
│                                      │
│                                      │
│                                      │
│                                      │
│                                      │
│                                      │
╰─ [⏎] fullscreen  [j/k] scroll  [G] bottom  [g]g top  [y]ank ╯