╭─ New Run ────────────────────────────────────────────────────────────────────────────────────╮
│┃ Describe the task...                                                                        │
│┃                                                                                             │
│┃                                                                                             │
│┃                                                                                             │
│┃                                                                                             │
│┃                                                                                             │
│┃                                                                                             │
│┃                                                                                             │
│┃                                                                                             │
│┃                                                                                             │
│┃                                                                                             │
│┃                                                                                             │
│┃                                                                                             │
│┃                                                                                             │
│┃                                                                                             │
│┃                                                                                             │
│┃                                                                                             │
│┃                                                                                             │
│┃                                                                                             │
│┃                                                                                             │
│┃                                                                                             │
│┃                                                                                             │
│┃                                                                                             │
│┃                                                                                             │
│┃                                                                                             │
│┃                                                                                             │
│┃                                                                                             │
│                                                                                              │
│Workflow [M-w]  auto  build  plan  sdlc  quick                                                │
│Model    [M-m]  default  haiku  opus  sonnet                                                  │
╰─ [^S] submit  [Esc] cancel  [M-w] workflow  [M-m] model ─────────────────────────────────────╯